MySQL Shell 8.0.33

Copyright (c) 2016, 2023, Oracle and/or its affiliates.
Oracle is a registered trademark of Oracle Corporation and/or its affiliates.
Other names may be trademarks of their respective owners.

Type '\help' or '\?' for help; '\quit' to exit.
 MySQL  JS > \sql
Switching to SQL mode... Commands end with ;
 MySQL  SQL > \connect --mc root@localhost
Creating a Classic session to 'root@localhost'
Please provide the password for 'root@localhost': ***************
MySQL Error 2003 (HY000): Can't connect to MySQL server on 'localhost:3306' (10061)
 MySQL  SQL > \connect --mc root@localhost
Creating a Classic session to 'root@localhost'
Please provide the password for 'root@localhost': ***************
Save password for 'root@localhost'? [Y]es/[N]o/Ne[v]er (default No): N
Fetching global names for auto-completion... Press ^C to stop.
Your MySQL connection id is 12
Server version: 8.0.33 MySQL Community Server - GPL
No default schema selected; type \use <schema> to set one.
 MySQL  localhost:3306 ssl  SQL > \use sakila
Default schema set to `sakila`.
Fetching global names, object names from `sakila` for auto-completion... Press ^C to stop.
 MySQL  localhost:3306 ssl  sakila  SQL > select email from customer limit 100;
+---------------------------------------+
| email                                 |
+---------------------------------------+
| MARY.SMITH@sakilacustomer.org         |
| PATRICIA.JOHNSON@sakilacustomer.org   |
| LINDA.WILLIAMS@sakilacustomer.org     |
| BARBARA.JONES@sakilacustomer.org      |
| ELIZABETH.BROWN@sakilacustomer.org    |
| JENNIFER.DAVIS@sakilacustomer.org     |
| MARIA.MILLER@sakilacustomer.org       |
| SUSAN.WILSON@sakilacustomer.org       |
| MARGARET.MOORE@sakilacustomer.org     |
| DOROTHY.TAYLOR@sakilacustomer.org     |
| LISA.ANDERSON@sakilacustomer.org      |
| NANCY.THOMAS@sakilacustomer.org       |
| KAREN.JACKSON@sakilacustomer.org      |
| BETTY.WHITE@sakilacustomer.org        |
| HELEN.HARRIS@sakilacustomer.org       |
| SANDRA.MARTIN@sakilacustomer.org      |
| DONNA.THOMPSON@sakilacustomer.org     |
| CAROL.GARCIA@sakilacustomer.org       |
| RUTH.MARTINEZ@sakilacustomer.org      |
| SHARON.ROBINSON@sakilacustomer.org    |
| MICHELLE.CLARK@sakilacustomer.org     |
| LAURA.RODRIGUEZ@sakilacustomer.org    |
| SARAH.LEWIS@sakilacustomer.org        |
| KIMBERLY.LEE@sakilacustomer.org       |
| DEBORAH.WALKER@sakilacustomer.org     |
| JESSICA.HALL@sakilacustomer.org       |
| SHIRLEY.ALLEN@sakilacustomer.org      |
| CYNTHIA.YOUNG@sakilacustomer.org      |
| ANGELA.HERNANDEZ@sakilacustomer.org   |
| MELISSA.KING@sakilacustomer.org       |
| BRENDA.WRIGHT@sakilacustomer.org      |
| AMY.LOPEZ@sakilacustomer.org          |
| ANNA.HILL@sakilacustomer.org          |
| REBECCA.SCOTT@sakilacustomer.org      |
| VIRGINIA.GREEN@sakilacustomer.org     |
| KATHLEEN.ADAMS@sakilacustomer.org     |
| PAMELA.BAKER@sakilacustomer.org       |
| MARTHA.GONZALEZ@sakilacustomer.org    |
| DEBRA.NELSON@sakilacustomer.org       |
| AMANDA.CARTER@sakilacustomer.org      |
| STEPHANIE.MITCHELL@sakilacustomer.org |
| CAROLYN.PEREZ@sakilacustomer.org      |
| CHRISTINE.ROBERTS@sakilacustomer.org  |
| MARIE.TURNER@sakilacustomer.org       |
| JANET.PHILLIPS@sakilacustomer.org     |
| CATHERINE.CAMPBELL@sakilacustomer.org |
| FRANCES.PARKER@sakilacustomer.org     |
| ANN.EVANS@sakilacustomer.org          |
| JOYCE.EDWARDS@sakilacustomer.org      |
| DIANE.COLLINS@sakilacustomer.org      |
| ALICE.STEWART@sakilacustomer.org      |
| JULIE.SANCHEZ@sakilacustomer.org      |
| HEATHER.MORRIS@sakilacustomer.org     |
| TERESA.ROGERS@sakilacustomer.org      |
| DORIS.REED@sakilacustomer.org         |
| GLORIA.COOK@sakilacustomer.org        |
| EVELYN.MORGAN@sakilacustomer.org      |
| JEAN.BELL@sakilacustomer.org          |
| CHERYL.MURPHY@sakilacustomer.org      |
| MILDRED.BAILEY@sakilacustomer.org     |
| KATHERINE.RIVERA@sakilacustomer.org   |
| JOAN.COOPER@sakilacustomer.org        |
| ASHLEY.RICHARDSON@sakilacustomer.org  |
| JUDITH.COX@sakilacustomer.org         |
| ROSE.HOWARD@sakilacustomer.org        |
| JANICE.WARD@sakilacustomer.org        |
| KELLY.TORRES@sakilacustomer.org       |
| NICOLE.PETERSON@sakilacustomer.org    |
| JUDY.GRAY@sakilacustomer.org          |
| CHRISTINA.RAMIREZ@sakilacustomer.org  |
| KATHY.JAMES@sakilacustomer.org        |
| THERESA.WATSON@sakilacustomer.org     |
| BEVERLY.BROOKS@sakilacustomer.org     |
| DENISE.KELLY@sakilacustomer.org       |
| TAMMY.SANDERS@sakilacustomer.org      |
| IRENE.PRICE@sakilacustomer.org        |
| JANE.BENNETT@sakilacustomer.org       |
| LORI.WOOD@sakilacustomer.org          |
| RACHEL.BARNES@sakilacustomer.org      |
| MARILYN.ROSS@sakilacustomer.org       |
| ANDREA.HENDERSON@sakilacustomer.org   |
| KATHRYN.COLEMAN@sakilacustomer.org    |
| LOUISE.JENKINS@sakilacustomer.org     |
| SARA.PERRY@sakilacustomer.org         |
| ANNE.POWELL@sakilacustomer.org        |
| JACQUELINE.LONG@sakilacustomer.org    |
| WANDA.PATTERSON@sakilacustomer.org    |
| BONNIE.HUGHES@sakilacustomer.org      |
| JULIA.FLORES@sakilacustomer.org       |
| RUBY.WASHINGTON@sakilacustomer.org    |
| LOIS.BUTLER@sakilacustomer.org        |
| TINA.SIMMONS@sakilacustomer.org       |
| PHYLLIS.FOSTER@sakilacustomer.org     |
| NORMA.GONZALES@sakilacustomer.org     |
| PAULA.BRYANT@sakilacustomer.org       |
| DIANA.ALEXANDER@sakilacustomer.org    |
| ANNIE.RUSSELL@sakilacustomer.org      |
| LILLIAN.GRIFFIN@sakilacustomer.org    |
| EMILY.DIAZ@sakilacustomer.org         |
| ROBIN.HAYES@sakilacustomer.org        |
+---------------------------------------+
100 rows in set (0.0170 sec)
 MySQL  localhost:3306 ssl  sakila  SQL > set @miscorreos = "";
Query OK, 0 rows affected (0.0009 sec)
 MySQL  localhost:3306 ssl  sakila  SQL > select @miscorreos;
+-------------+
| @miscorreos |
+-------------+
|             |
+-------------+
1 row in set (0.0004 sec)
 MySQL  localhost:3306 ssl  sakila  SQL > call listacorreos(@miscorreos);
ERROR: 1305 (42000): PROCEDURE sakila.listacorreos does not exist
 MySQL  localhost:3306 ssl  sakila  SQL > call listacorreos(@miscorreos);
Query OK, 0 rows affected (0.0029 sec)
 MySQL  localhost:3306 ssl  sakila  SQL > select @miscorreos
                                       -> ;
+---------------------------------------------------------------------------------------------------------------------------------------------------------------------------------------------------------------------------------------------------------------------------------------------------------------------------------------------------------------------------------------------------------------------------------------------------------------------------------------------------------------------------------------------------------------------------------------------------------------------------------------------------------------------------------------------------------------------------------------------------------------------------------------------------------------------------------------------------------------------------------------------------------------------------------------------------------------------------------------------------------------------------------------------------------------------------------------------------------------------------------------------------------------------------------------------------------------------------------------------------------------------------------------------------------------------------------------------------------------------------------------------------------------------------------------------------------------------------------------------------------------------------------------------------------------------------------------------------------------------------------------------------------------------------------------------------------------------------------------------------------------------------------------------------------------------------------------------------------------------------------------------------------------------------------------------------------------------------------------------------------------------------------------------------------------------------------------------------------------------------------------------------------------------------------------------------------------------------------------------------------------------------------------------------------------------------------------------------------------------------------------------------------------------------------------------------------------------------------------------------------------------------------------------------------------------------------------------------------------------------------------------------------------------------------------------------------------------------------------------------------------------------------------------------------------------------------------------------------------------------------------------------------------------------------------------------------------------------------------------------------------------------------------------------------------------------------------------------------------------------------------------------------------------------------------------------------------------------------------------------------------------------------------------------------------------------------------------------------------------------------------------------------------------------------+
| @miscorreos                                                                                                                                                                                                                                                                                                                                                                                                                                                                                                                                                                                                                                                                                                                                                                                                                                                                                                                                                                                                                                                                                                                                                                                                                                                                                                                                                                                                                                                                                                                                                                                                                                                                                                                                                                                                                                                                                                                                                                                                                                                                                                                                                                                                                                                                                                                                                                                                                                                                                                                                                                                                                                                                                                                                                                                                                                                                                                                                                                                                                                                                                                                                                                                                                                                                                                                                                                                                                     |
+---------------------------------------------------------------------------------------------------------------------------------------------------------------------------------------------------------------------------------------------------------------------------------------------------------------------------------------------------------------------------------------------------------------------------------------------------------------------------------------------------------------------------------------------------------------------------------------------------------------------------------------------------------------------------------------------------------------------------------------------------------------------------------------------------------------------------------------------------------------------------------------------------------------------------------------------------------------------------------------------------------------------------------------------------------------------------------------------------------------------------------------------------------------------------------------------------------------------------------------------------------------------------------------------------------------------------------------------------------------------------------------------------------------------------------------------------------------------------------------------------------------------------------------------------------------------------------------------------------------------------------------------------------------------------------------------------------------------------------------------------------------------------------------------------------------------------------------------------------------------------------------------------------------------------------------------------------------------------------------------------------------------------------------------------------------------------------------------------------------------------------------------------------------------------------------------------------------------------------------------------------------------------------------------------------------------------------------------------------------------------------------------------------------------------------------------------------------------------------------------------------------------------------------------------------------------------------------------------------------------------------------------------------------------------------------------------------------------------------------------------------------------------------------------------------------------------------------------------------------------------------------------------------------------------------------------------------------------------------------------------------------------------------------------------------------------------------------------------------------------------------------------------------------------------------------------------------------------------------------------------------------------------------------------------------------------------------------------------------------------------------------------------------------------------------+
| ROBIN.HAYES@sakilacustomer.org;EMILY.DIAZ@sakilacustomer.org;LILLIAN.GRIFFIN@sakilacustomer.org;ANNIE.RUSSELL@sakilacustomer.org;DIANA.ALEXANDER@sakilacustomer.org;PAULA.BRYANT@sakilacustomer.org;NORMA.GONZALES@sakilacustomer.org;PHYLLIS.FOSTER@sakilacustomer.org;TINA.SIMMONS@sakilacustomer.org;LOIS.BUTLER@sakilacustomer.org;RUBY.WASHINGTON@sakilacustomer.org;JULIA.FLORES@sakilacustomer.org;BONNIE.HUGHES@sakilacustomer.org;WANDA.PATTERSON@sakilacustomer.org;JACQUELINE.LONG@sakilacustomer.org;ANNE.POWELL@sakilacustomer.org;SARA.PERRY@sakilacustomer.org;LOUISE.JENKINS@sakilacustomer.org;KATHRYN.COLEMAN@sakilacustomer.org;ANDREA.HENDERSON@sakilacustomer.org;MARILYN.ROSS@sakilacustomer.org;RACHEL.BARNES@sakilacustomer.org;LORI.WOOD@sakilacustomer.org;JANE.BENNETT@sakilacustomer.org;IRENE.PRICE@sakilacustomer.org;TAMMY.SANDERS@sakilacustomer.org;DENISE.KELLY@sakilacustomer.org;BEVERLY.BROOKS@sakilacustomer.org;THERESA.WATSON@sakilacustomer.org;KATHY.JAMES@sakilacustomer.org;CHRISTINA.RAMIREZ@sakilacustomer.org;JUDY.GRAY@sakilacustomer.org;NICOLE.PETERSON@sakilacustomer.org;KELLY.TORRES@sakilacustomer.org;JANICE.WARD@sakilacustomer.org;ROSE.HOWARD@sakilacustomer.org;JUDITH.COX@sakilacustomer.org;ASHLEY.RICHARDSON@sakilacustomer.org;JOAN.COOPER@sakilacustomer.org;KATHERINE.RIVERA@sakilacustomer.org;MILDRED.BAILEY@sakilacustomer.org;CHERYL.MURPHY@sakilacustomer.org;JEAN.BELL@sakilacustomer.org;EVELYN.MORGAN@sakilacustomer.org;GLORIA.COOK@sakilacustomer.org;DORIS.REED@sakilacustomer.org;TERESA.ROGERS@sakilacustomer.org;HEATHER.MORRIS@sakilacustomer.org;JULIE.SANCHEZ@sakilacustomer.org;ALICE.STEWART@sakilacustomer.org;DIANE.COLLINS@sakilacustomer.org;JOYCE.EDWARDS@sakilacustomer.org;ANN.EVANS@sakilacustomer.org;FRANCES.PARKER@sakilacustomer.org;CATHERINE.CAMPBELL@sakilacustomer.org;JANET.PHILLIPS@sakilacustomer.org;MARIE.TURNER@sakilacustomer.org;CHRISTINE.ROBERTS@sakilacustomer.org;CAROLYN.PEREZ@sakilacustomer.org;STEPHANIE.MITCHELL@sakilacustomer.org;AMANDA.CARTER@sakilacustomer.org;DEBRA.NELSON@sakilacustomer.org;MARTHA.GONZALEZ@sakilacustomer.org;PAMELA.BAKER@sakilacustomer.org;KATHLEEN.ADAMS@sakilacustomer.org;VIRGINIA.GREEN@sakilacustomer.org;REBECCA.SCOTT@sakilacustomer.org;ANNA.HILL@sakilacustomer.org;AMY.LOPEZ@sakilacustomer.org;BRENDA.WRIGHT@sakilacustomer.org;MELISSA.KING@sakilacustomer.org;ANGELA.HERNANDEZ@sakilacustomer.org;CYNTHIA.YOUNG@sakilacustomer.org;SHIRLEY.ALLEN@sakilacustomer.org;JESSICA.HALL@sakilacustomer.org;DEBORAH.WALKER@sakilacustomer.org;KIMBERLY.LEE@sakilacustomer.org;SARAH.LEWIS@sakilacustomer.org;LAURA.RODRIGUEZ@sakilacustomer.org;MICHELLE.CLARK@sakilacustomer.org;SHARON.ROBINSON@sakilacustomer.org;RUTH.MARTINEZ@sakilacustomer.org;CAROL.GARCIA@sakilacustomer.org;DONNA.THOMPSON@sakilacustomer.org;SANDRA.MARTIN@sakilacustomer.org;HELEN.HARRIS@sakilacustomer.org;BETTY.WHITE@sakilacustomer.org;KAREN.JACKSON@sakilacustomer.org;NANCY.THOMAS@sakilacustomer.org;LISA.ANDERSON@sakilacustomer.org;DOROTHY.TAYLOR@sakilacustomer.org;MARGARET.MOORE@sakilacustomer.org;SUSAN.WILSON@sakilacustomer.org;MARIA.MILLER@sakilacustomer.org;JENNIFER.DAVIS@sakilacustomer.org;ELIZABETH.BROWN@sakilacustomer.org;BARBARA.JONES@sakilacustomer.org;LINDA.WILLIAMS@sakilacustomer.org;PATRICIA.JOHNSON@sakilacustomer.org;MARY.SMITH@sakilacustomer.org; |
+---------------------------------------------------------------------------------------------------------------------------------------------------------------------------------------------------------------------------------------------------------------------------------------------------------------------------------------------------------------------------------------------------------------------------------------------------------------------------------------------------------------------------------------------------------------------------------------------------------------------------------------------------------------------------------------------------------------------------------------------------------------------------------------------------------------------------------------------------------------------------------------------------------------------------------------------------------------------------------------------------------------------------------------------------------------------------------------------------------------------------------------------------------------------------------------------------------------------------------------------------------------------------------------------------------------------------------------------------------------------------------------------------------------------------------------------------------------------------------------------------------------------------------------------------------------------------------------------------------------------------------------------------------------------------------------------------------------------------------------------------------------------------------------------------------------------------------------------------------------------------------------------------------------------------------------------------------------------------------------------------------------------------------------------------------------------------------------------------------------------------------------------------------------------------------------------------------------------------------------------------------------------------------------------------------------------------------------------------------------------------------------------------------------------------------------------------------------------------------------------------------------------------------------------------------------------------------------------------------------------------------------------------------------------------------------------------------------------------------------------------------------------------------------------------------------------------------------------------------------------------------------------------------------------------------------------------------------------------------------------------------------------------------------------------------------------------------------------------------------------------------------------------------------------------------------------------------------------------------------------------------------------------------------------------------------------------------------------------------------------------------------------------------------------------------+
1 row in set (0.0004 sec)
 MySQL  localhost:3306 ssl  sakila  SQL > \use eva_3
Default schema set to `eva_3`.
Fetching global names, object names from `eva_3` for auto-completion... Press ^C to stop.
 MySQL  localhost:3306 ssl  eva_3  SQL > create table fechas(
                                      -> fecha date);
Query OK, 0 rows affected (0.0199 sec)
 MySQL  localhost:3306 ssl  eva_3  SQL > insert into fechas
                                      -> values('2000-05-08');
Query OK, 1 row affected (0.0077 sec)
 MySQL  localhost:3306 ssl  eva_3  SQL > create table personas(id int auto_increment key, nombre varchar() not null, ap            create table personas(id int auto_increment key, nombre varchar() not null, ape           create table personas(id int auto_increment key, nombre varchar() not null, apell
                                      -> ;
ERROR: 1064 (42000): You have an error increate table personas(id int auto_increment key, nombre varchar() not null, apellido_pat varchar() not null, apellido_mat varchar not full, fecha_nac date, clave_rfc varchar() null personas(id int auto_increment key, nombre varchar() not null, apellido_pat varchar() not null, apellido_mat varch
                                      -> ;char() null personas(id int auto_increment key, nombre varchar() not null, apellido_pat varchar() not null, apellido_mat varch
ERROR: 1064 (42000): You have an error in your SQL syntax; check the manual that corresponds to your MySQL server version for the right syntax to use near ') not null, apellido_pat varchar() not null, apellido_mat varchar not full, fech' at line 1
 MySQL  localhost:3306 ssl  eva_3  SQL > create table personas(id int auto_increment key, nombre varchar() not null, apellido_pat varchar() not null, apellido_mat varchar null, fecha_nac date, clave_rfc varchar() null ;
ERROR: 1064 (42000): You have an error in your SQL syntax; check the manual that corresponds to your MySQL server version for the right syntax to use near ') not null, apellido_pat varchar() not null, apellido_mat varchar null, fecha_na' at line 1
 MySQL  localhost:3306 ssl  eva_3  SQL > create table personas(id int auto_increment key, nombre varchar() not null, apellido_pat varchar() not null, apellido_mat varchar() null, fecha_nac date, clave_rfc varchar() null ;
ERROR: 1064 (42000): You have an error in your SQL syntax; check the manual that corresponds to your MySQL server version for the right syntax to use near ') not null, apellido_pat varchar() not null, apellido_mat varchar() null, fecha_' at line 1
 MySQL  localhost:3306 ssl  eva_3  SQL > create table personas(id int auto_increment key, nombre varchar(30) not null, apellido_pat varchar(40) not null, apellido_mat varchar(40) null, fecha_nac date, clave_rfc varchar(13) null ;
ERROR: 1064 (42000): You have an error in your SQL syntax; check the manual that corresponds to your MySQL server version for the right syntax to use near '' at line 1
 MySQL  localhost:3306 ssl  eva_3  SQL > create table personas(id int auto_increment key, nombre varchar() not null, apellido_pat varchar() not null, apellido_mat varchar() null, fecha_nac date, clave_rfc varchar() null);
ERROR: 1064 (42000): You have an error in your SQL syntax; check the manual that corresponds to your MySQL server version for the right syntax to use near ') not null, apellido_pat varchar() not null, apellido_mat varchar() null, fecha_' at line 1
 MySQL  localhost:3306 ssl  eva_3  SQL > create table personas(id int auto_increment key, nombre varchar() not null, apellido_pat varchar() not null, apellido_mat varchar() null, fecha_nac date, clave_rfc varchar() null));
ERROR: 1064 (42000): You have an error in your SQL syntax; check the manual that corresponds to your MySQL server version for the right syntax to use near ') not null, apellido_pat varchar() not null, apellido_mat varchar() null, fecha_' at line 1
 MySQL  localhost:3306 ssl  eva_3  SQL > create table personas(id int auto_increment key, nombre varchar(30) not null, apellido_pat varchar(40) not null, apellido_mat varchar(40) null, fecha_nac date, clave_rfc varchar(13) null);
Query OK, 0 rows affected (0.0147 sec)
 MySQL  localhost:3306 ssl  eva_3  SQL > show tables;
+-----------------+
| Tables_in_eva_3 |
+-----------------+
| fechas          |
| personas        |
+-----------------+
2 rows in set (0.0013 sec)
 MySQL  localhost:3306 ssl  eva_3  SQL > select * from personas;
Empty set (0.0047 sec)
 MySQL  localhost:3306 ssl  eva_3  SQL > desc personas;
+--------------+-------------+------+-----+---------+----------------+
| Field        | Type        | Null | Key | Default | Extra          |
+--------------+-------------+------+-----+---------+----------------+
| id           | int         | NO   | PRI | NULL    | auto_increment |
| nombre       | varchar(30) | NO   |     | NULL    |                |
| apellido_pat | varchar(40) | NO   |     | NULL    |                |
| apellido_mat | varchar(40) | YES  |     | NULL    |                |
| fecha_nac    | date        | YES  |     | NULL    |                |
| clave_rfc    | varchar(13) | YES  |     | NULL    |                |
+--------------+-------------+------+-----+---------+----------------+
6 rows in set (0.0060 sec)
 MySQL  localhost:3306 ssl  eva_3  SQL > insert into personas(id, nombre, apellido_pat, apellido_mat, fecha_nac) values ('1','Raúl', 'Alberto', 'Chávez', '1980-07-20');
Query OK, 1 row affected (0.0103 sec)
 MySQL  localhost:3306 ssl  eva_3  SQL > insert into personas(id, nombre, apellido_pat, apellido_mat, fecha_nac) values ('2','Karla', 'Ramírez', 'Portillo', '1970-12-25');
Query OK, 1 row affected (0.0070 sec)
 MySQL  localhost:3306 ssl  eva_3  SQL > insert into personas(id, nombre, apellido_pat, apellido_mat, fecha_nac) values ('3','Leonardo', 'González', 'Carmona', '2000-03-15');
Query OK, 1 row affected (0.0022 sec)
 MySQL  localhost:3306 ssl  eva_3  SQL > insert into personas(id, nombre, apellido_pat, apellido_mat, fecha_nac) values ('4','Linda', 'Rentería', 'Gutierrez', '1996-02-24');
Query OK, 1 row affected (0.0066 sec)
 MySQL  localhost:3306 ssl  eva_3  SQL > insert into personas(id, nombre, apellido_pat, apellido_mat, fecha_nac) values ('5','Ricardo', 'Salamanca', 'Mendez', '1983-01-07');
Query OK, 1 row affected (0.0068 sec)
 MySQL  localhost:3306 ssl  eva_3  SQL > insert into personas(id, nombre, apellido_pat, apellido_mat, fecha_nac) values ('6','Ramses', 'Salmeron', 'Robles', '1989-07-18');
Query OK, 1 row affected (0.0064 sec)
 MySQL  localhost:3306 ssl  eva_3  SQL > insert into personas(id, nombre, apellido_pat, apellido_mat, fecha_nac) values ('7','Valeria', 'Prieto', 'Valdez', '1997-09-02');
Query OK, 1 row affected (0.0067 sec)
 MySQL  localhost:3306 ssl  eva_3  SQL > insert into personas(id, nombre, apellido_pat, apellido_mat, fecha_nac) values ('8','Alejandra', 'Luján', 'Sarmiento', '1978-10-22');
Query OK, 1 row affected (0.0066 sec)
 MySQL  localhost:3306 ssl  eva_3  SQL > insert into personas(id, nombre, apellido_pat, apellido_mat, fecha_nac) values ('9','Christopher', 'Reyes', 'Marquez', '1998-06-10');
Query OK, 1 row affected (0.0026 sec)
 MySQL  localhost:3306 ssl  eva_3  SQL > insert into personas(id, nombre, apellido_pat, fecha_nac) values ('10','Richtofen', 'Meyer', '1987-01-28');
Query OK, 1 row affected (0.0073 sec)
 MySQL  localhost:3306 ssl  eva_3  SQL > select * from personas;
+----+-------------+--------------+--------------+------------+-----------+
| id | nombre      | apellido_pat | apellido_mat | fecha_nac  | clave_rfc |
+----+-------------+--------------+--------------+------------+-----------+
|  1 | Raúl        | Alberto      | Chávez       | 1980-07-20 | NULL      |
|  2 | Karla       | Ramírez      | Portillo     | 1970-12-25 | NULL      |
|  3 | Leonardo    | González     | Carmona      | 2000-03-15 | NULL      |
|  4 | Linda       | Rentería     | Gutierrez    | 1996-02-24 | NULL      |
|  5 | Ricardo     | Salamanca    | Mendez       | 1983-01-07 | NULL      |
|  6 | Ramses      | Salmeron     | Robles       | 1989-07-18 | NULL      |
|  7 | Valeria     | Prieto       | Valdez       | 1997-09-02 | NULL      |
|  8 | Alejandra   | Luján        | Sarmiento    | 1978-10-22 | NULL      |
|  9 | Christopher | Reyes        | Marquez      | 1998-06-10 | NULL      |
| 10 | Richtofen   | Meyer        | NULL         | 1987-01-28 | NULL      |
+----+-------------+--------------+--------------+------------+-----------+
10 rows in set (0.0007 sec)